// Jest Snapshot v1, https://goo.gl/fbAQLP

exports[`basic spec should create a component with a global state 1`] = `
<div>
  <div>
    <span>
      0
    </span>
    <button
      type="button"
    >
      +1
    </button>
  </div>
  <div>
    <span>
      0
    </span>
    <button
      type="button"
    >
      +1
    </button>
  </div>
</div>
`;

exports[`basic spec should create a component with a global state 2`] = `
<div>
  <div>
    <span>
      1
    </span>
    <button
      type="button"
    >
      +1
    </button>
  </div>
  <div>
    <span>
      1
    </span>
    <button
      type="button"
    >
      +1
    </button>
  </div>
</div>
`;
